Test was added
They are player number 1
Test is the current player
They have rolled a 1
Test's new location is 1
The category is Science
Science Question 0
