Test was added
They are player number 1
Test is the current player
They have rolled a 4
Test's new location is 4
The category is Pop
Pop Question 0
Question was incorrectly answered
Test was sent to the penalty box
Test is the current player
They have rolled a 2
Test is not getting out of the penalty box
