Test1 was added
They are player number 1
Test2 was added
They are player number 2
